============================= test session starts =============================
platform win32 -- Python 3.12.3, pytest-9.0.2, pluggy-1.6.0
rootdir: C:\Users\Patrick\code\portfolio\space-traffic-api
configfile: pyproject.toml
testpaths: tests
collected 45 items

tests\test_api.py ......                                                 [ 13%]
tests\test_control.py .                                                  [ 15%]
tests\test_fleet_state.py .                                              [ 17%]
tests\test_lifecycle.py ....                                             [ 26%]
tests\test_pirate_activity.py .....                                      [ 37%]
tests\test_scenario_lifecycle_overrides.py ...                           [ 44%]
tests\test_seed_data.py ..........                                       [ 66%]
tests\test_shadow_comparison_harness.py ............                     [ 93%]
tests\test_station_capabilities.py .                                     [ 95%]
tests\test_storage.py .                                                  [ 97%]
tests\test_travel_time.py F                                              [100%]

================================== FAILURES ===================================
_____ test_default_ship_speed_multiplier_keeps_long_routes_near_one_hour ______
tests\test_travel_time.py:12: in test_default_ship_speed_multiplier_keeps_long_routes_near_one_hour
    app = create_app()
          ^^^^^^^^^^^^
src\space_traffic_api\app.py:19: in create_app
    catalog = load_seed_catalog(config.seed_catalog_path)
              ^^^^^^^^^^^^^^^^^^^^^^^^^^^^^^^^^^^^^^^^^^^
src\space_traffic_api\seed_data.py:94: in load_seed_catalog
    raise ValueError(f"seed catalog file does not exist: {path}")
E   ValueError: seed catalog file does not exist: C:\Users\Patrick\AppData\Local\Temp\tmpxt7yuxbw\catalog.json
=========================== short test summary info ===========================
FAILED tests/test_travel_time.py::test_default_ship_speed_multiplier_keeps_long_routes_near_one_hour
======================== 1 failed, 44 passed in 21.21s ========================
